Component: ARM Compiler 5.06 update 6 (build 750) Tool: armlink [4d35ed]

==============================================================================

Section Cross References

    main.o(.text) refers to edk_driver.o(.text) for seven_seg_write
    main.o(.text) refers to retarget.o(.text) for VGAPutc
    main.o(.text) refers to edk_api.o(.text) for read_switch
    main.o(.text) refers to main.o(.data) for dig4
    main.o(.text) refers to main.o(.bss) for wallDotsArray
    main.o(.text) refers to main.o(.conststring) for .conststring
    cm0dsasm.o(STACK) refers (Special) to heapauxi.o(.text) for __use_two_region_memory
    cm0dsasm.o(HEAP) refers (Special) to heapauxi.o(.text) for __use_two_region_memory
    cm0dsasm.o(RESET) refers (Special) to heapauxi.o(.text) for __use_two_region_memory
    cm0dsasm.o(RESET) refers to cm0dsasm.o(.text) for Reset_Handler
    cm0dsasm.o(.text) refers (Special) to heapauxi.o(.text) for __use_two_region_memory
    cm0dsasm.o(.text) refers to main.o(.text) for Timer_ISR
    cm0dsasm.o(.text) refers to __main.o(!!!main) for __main
    cm0dsasm.o(.text) refers to cm0dsasm.o(HEAP) for Heap_Mem
    cm0dsasm.o(.text) refers to cm0dsasm.o(STACK) for Stack_Mem
    retarget.o(.rev16_text) refers (Special) to use_no_semi.o(.text) for __use_no_semihosting_swi
    retarget.o(.revsh_text) refers (Special) to use_no_semi.o(.text) for __use_no_semihosting_swi
    retarget.o(.text) refers (Special) to use_no_semi.o(.text) for __use_no_semihosting_swi
    retarget.o(.data) refers (Special) to use_no_semi.o(.text) for __use_no_semihosting_swi
    edk_api.o(.text) refers to edk_driver.o(.text) for VGA_plot_pixel
    edk_api.o(.text) refers to edk_api.o(.data) for dig4
    __main.o(!!!main) refers to __rtentry.o(.ARM.Collect$$rtentry$$00000000) for __rt_entry
    __rtentry.o(.ARM.Collect$$rtentry$$00000000) refers (Special) to __rtentry2.o(.ARM.Collect$$rtentry$$0000000A) for __rt_entry_li
    __rtentry.o(.ARM.Collect$$rtentry$$00000000) refers (Special) to __rtentry2.o(.ARM.Collect$$rtentry$$0000000D) for __rt_entry_main
    __rtentry.o(.ARM.Collect$$rtentry$$00000000) refers (Special) to __rtentry2.o(.ARM.Collect$$rtentry$$0000000C) for __rt_entry_postli_1
    __rtentry.o(.ARM.Collect$$rtentry$$00000000) refers (Special) to __rtentry2.o(.ARM.Collect$$rtentry$$00000009) for __rt_entry_postsh_1
    __rtentry.o(.ARM.Collect$$rtentry$$00000000) refers (Special) to __rtentry2.o(.ARM.Collect$$rtentry$$00000002) for __rt_entry_presh_1
    __rtentry.o(.ARM.Collect$$rtentry$$00000000) refers (Special) to __rtentry4.o(.ARM.Collect$$rtentry$$00000004) for __rt_entry_sh
    __rtentry2.o(.ARM.Collect$$rtentry$$00000008) refers to boardinit2.o(.text) for _platform_post_stackheap_init
    __rtentry2.o(.ARM.Collect$$rtentry$$0000000A) refers to libinit.o(.ARM.Collect$$libinit$$00000000) for __rt_lib_init
    __rtentry2.o(.ARM.Collect$$rtentry$$0000000B) refers to boardinit3.o(.text) for _platform_post_lib_init
    __rtentry2.o(.ARM.Collect$$rtentry$$0000000D) refers to main.o(.text) for main
    __rtentry2.o(.ARM.Collect$$rtentry$$0000000D) refers to exit.o(.text) for exit
    __rtentry2.o(.ARM.exidx) refers to __rtentry2.o(.ARM.Collect$$rtentry$$00000001) for .ARM.Collect$$rtentry$$00000001
    __rtentry2.o(.ARM.exidx) refers to __rtentry2.o(.ARM.Collect$$rtentry$$00000008) for .ARM.Collect$$rtentry$$00000008
    __rtentry2.o(.ARM.exidx) refers to __rtentry2.o(.ARM.Collect$$rtentry$$0000000A) for .ARM.Collect$$rtentry$$0000000A
    __rtentry2.o(.ARM.exidx) refers to __rtentry2.o(.ARM.Collect$$rtentry$$0000000B) for .ARM.Collect$$rtentry$$0000000B
    __rtentry2.o(.ARM.exidx) refers to __rtentry2.o(.ARM.Collect$$rtentry$$0000000D) for .ARM.Collect$$rtentry$$0000000D
    __rtentry4.o(.ARM.Collect$$rtentry$$00000004) refers to sys_stackheap_outer.o(.text) for __user_setup_stackheap
    __rtentry4.o(.ARM.exidx) refers to __rtentry4.o(.ARM.Collect$$rtentry$$00000004) for .ARM.Collect$$rtentry$$00000004
    sys_stackheap_outer.o(.text) refers to libspace.o(.text) for __user_perproc_libspace
    sys_stackheap_outer.o(.text) refers to cm0dsasm.o(.text) for __user_initial_stackheap
    sys_stackheap_outer.o(__vectab_stack_and_reset_area) refers to tempstk.o(.text) for __temporary_stack_top
    sys_stackheap_outer.o(__vectab_stack_and_reset_area) refers to __main.o(!!!main) for __main
    exit.o(.text) refers to rtexit.o(.ARM.Collect$$rtexit$$00000000) for __rt_exit
    libinit.o(.ARM.Collect$$libinit$$00000000) refers (Special) to libinit2.o(.ARM.Collect$$libinit$$0000002E) for __rt_lib_init_alloca_1
    libinit.o(.ARM.Collect$$libinit$$00000000) refers (Special) to libinit2.o(.ARM.Collect$$libinit$$0000002C) for __rt_lib_init_argv_1
    libinit.o(.ARM.Collect$$libinit$$00000000) refers (Special) to libinit2.o(.ARM.Collect$$libinit$$0000001B) for __rt_lib_init_atexit_1
    libinit.o(.ARM.Collect$$libinit$$00000000) refers (Special) to libinit2.o(.ARM.Collect$$libinit$$00000021) for __rt_lib_init_clock_1
    libinit.o(.ARM.Collect$$libinit$$00000000) refers (Special) to libinit2.o(.ARM.Collect$$libinit$$00000032) for __rt_lib_init_cpp_1
    libinit.o(.ARM.Collect$$libinit$$00000000) refers (Special) to libinit2.o(.ARM.Collect$$libinit$$00000030) for __rt_lib_init_exceptions_1
    libinit.o(.ARM.Collect$$libinit$$00000000) refers (Special) to libinit2.o(.ARM.Collect$$libinit$$00000002) for __rt_lib_init_fp_1
    libinit.o(.ARM.Collect$$libinit$$00000000) refers (Special) to libinit2.o(.ARM.Collect$$libinit$$0000001F) for __rt_lib_init_fp_trap_1
    libinit.o(.ARM.Collect$$libinit$$00000000) refers (Special) to libinit2.o(.ARM.Collect$$libinit$$00000023) for __rt_lib_init_getenv_1
    libinit.o(.ARM.Collect$$libinit$$00000000) refers (Special) to libinit2.o(.ARM.Collect$$libinit$$0000000A) for __rt_lib_init_heap_1
    libinit.o(.ARM.Collect$$libinit$$00000000) refers (Special) to libinit2.o(.ARM.Collect$$libinit$$00000011) for __rt_lib_init_lc_collate_1
    libinit.o(.ARM.Collect$$libinit$$00000000) refers (Special) to libinit2.o(.ARM.Collect$$libinit$$00000013) for __rt_lib_init_lc_ctype_1
    libinit.o(.ARM.Collect$$libinit$$00000000) refers (Special) to libinit2.o(.ARM.Collect$$libinit$$00000015) for __rt_lib_init_lc_monetary_1
    libinit.o(.ARM.Collect$$libinit$$00000000) refers (Special) to libinit2.o(.ARM.Collect$$libinit$$00000017) for __rt_lib_init_lc_numeric_1
    libinit.o(.ARM.Collect$$libinit$$00000000) refers (Special) to libinit2.o(.ARM.Collect$$libinit$$00000019) for __rt_lib_init_lc_time_1
    libinit.o(.ARM.Collect$$libinit$$00000000) refers (Special) to libinit2.o(.ARM.Collect$$libinit$$00000004) for __rt_lib_init_preinit_1
    libinit.o(.ARM.Collect$$libinit$$00000000) refers (Special) to libinit2.o(.ARM.Collect$$libinit$$0000000E) for __rt_lib_init_rand_1
    libinit.o(.ARM.Collect$$libinit$$00000000) refers (Special) to libinit2.o(.ARM.Collect$$libinit$$00000033) for __rt_lib_init_return
    libinit.o(.ARM.Collect$$libinit$$00000000) refers (Special) to libinit2.o(.ARM.Collect$$libinit$$0000001D) for __rt_lib_init_signal_1
    libinit.o(.ARM.Collect$$libinit$$00000000) refers (Special) to libinit2.o(.ARM.Collect$$libinit$$00000025) for __rt_lib_init_stdio_1
    libinit.o(.ARM.Collect$$libinit$$00000000) refers (Special) to libinit2.o(.ARM.Collect$$libinit$$0000000C) for __rt_lib_init_user_alloc_1
    libspace.o(.text) refers to libspace.o(.bss) for __libspace_start
    rtexit.o(.ARM.Collect$$rtexit$$00000000) refers (Special) to rtexit2.o(.ARM.Collect$$rtexit$$00000004) for __rt_exit_exit
    rtexit.o(.ARM.Collect$$rtexit$$00000000) refers (Special) to rtexit2.o(.ARM.Collect$$rtexit$$00000003) for __rt_exit_ls
    rtexit.o(.ARM.Collect$$rtexit$$00000000) refers (Special) to rtexit2.o(.ARM.Collect$$rtexit$$00000002) for __rt_exit_prels_1
    rtexit.o(.ARM.exidx) refers (Special) to rtexit2.o(.ARM.Collect$$rtexit$$00000004) for __rt_exit_exit
    rtexit.o(.ARM.exidx) refers (Special) to rtexit2.o(.ARM.Collect$$rtexit$$00000003) for __rt_exit_ls
    rtexit.o(.ARM.exidx) refers (Special) to rtexit2.o(.ARM.Collect$$rtexit$$00000002) for __rt_exit_prels_1
    rtexit.o(.ARM.exidx) refers to rtexit.o(.ARM.Collect$$rtexit$$00000000) for .ARM.Collect$$rtexit$$00000000
    libinit2.o(.ARM.Collect$$libinit$$00000010) refers to libinit2.o(.ARM.Collect$$libinit$$0000000F) for .ARM.Collect$$libinit$$0000000F
    libinit2.o(.ARM.Collect$$libinit$$00000012) refers to libinit2.o(.ARM.Collect$$libinit$$0000000F) for .ARM.Collect$$libinit$$0000000F
    libinit2.o(.ARM.Collect$$libinit$$00000014) refers to libinit2.o(.ARM.Collect$$libinit$$0000000F) for .ARM.Collect$$libinit$$0000000F
    libinit2.o(.ARM.Collect$$libinit$$00000016) refers to libinit2.o(.ARM.Collect$$libinit$$0000000F) for .ARM.Collect$$libinit$$0000000F
    libinit2.o(.ARM.Collect$$libinit$$00000018) refers to libinit2.o(.ARM.Collect$$libinit$$0000000F) for .ARM.Collect$$libinit$$0000000F
    libinit2.o(.ARM.Collect$$libinit$$00000026) refers to argv_veneer.o(.text) for __ARM_argv_veneer
    libinit2.o(.ARM.Collect$$libinit$$00000027) refers to argv_veneer.o(.text) for __ARM_argv_veneer
    rtexit2.o(.ARM.Collect$$rtexit$$00000003) refers to libshutdown.o(.ARM.Collect$$libshutdown$$00000000) for __rt_lib_shutdown
    rtexit2.o(.ARM.Collect$$rtexit$$00000004) refers to retarget.o(.text) for _sys_exit
    rtexit2.o(.ARM.exidx) refers to rtexit2.o(.ARM.Collect$$rtexit$$00000001) for .ARM.Collect$$rtexit$$00000001
    rtexit2.o(.ARM.exidx) refers to rtexit2.o(.ARM.Collect$$rtexit$$00000003) for .ARM.Collect$$rtexit$$00000003
    rtexit2.o(.ARM.exidx) refers to rtexit2.o(.ARM.Collect$$rtexit$$00000004) for .ARM.Collect$$rtexit$$00000004
    _get_argv_nomalloc.o(.text) refers (Special) to hrguard.o(.text) for __heap_region$guard
    _get_argv_nomalloc.o(.text) refers to defsig_rtmem_outer.o(.text) for __rt_SIGRTMEM
    _get_argv_nomalloc.o(.text) refers to sys_command.o(.text) for _sys_command_string
    libshutdown.o(.ARM.Collect$$libshutdown$$00000000) refers (Special) to libshutdown2.o(.ARM.Collect$$libshutdown$$00000002) for __rt_lib_shutdown_cpp_1
    libshutdown.o(.ARM.Collect$$libshutdown$$00000000) refers (Special) to libshutdown2.o(.ARM.Collect$$libshutdown$$00000007) for __rt_lib_shutdown_fp_trap_1
    libshutdown.o(.ARM.Collect$$libshutdown$$00000000) refers (Special) to libshutdown2.o(.ARM.Collect$$libshutdown$$0000000F) for __rt_lib_shutdown_heap_1
    libshutdown.o(.ARM.Collect$$libshutdown$$00000000) refers (Special) to libshutdown2.o(.ARM.Collect$$libshutdown$$00000010) for __rt_lib_shutdown_return
    libshutdown.o(.ARM.Collect$$libshutdown$$00000000) refers (Special) to libshutdown2.o(.ARM.Collect$$libshutdown$$0000000A) for __rt_lib_shutdown_signal_1
    libshutdown.o(.ARM.Collect$$libshutdown$$00000000) refers (Special) to libshutdown2.o(.ARM.Collect$$libshutdown$$00000004) for __rt_lib_shutdown_stdio_1
    libshutdown.o(.ARM.Collect$$libshutdown$$00000000) refers (Special) to libshutdown2.o(.ARM.Collect$$libshutdown$$0000000C) for __rt_lib_shutdown_user_alloc_1
    sys_command.o(.text) refers (Special) to use_no_semi.o(.text) for __I$use$semihosting
    sys_command.o(.text) refers (Special) to indicate_semi.o(.text) for __semihosting_library_function
    defsig_rtmem_outer.o(.text) refers to defsig_rtmem_inner.o(.text) for __rt_SIGRTMEM_inner
    defsig_rtmem_outer.o(.text) refers to defsig_exit.o(.text) for __sig_exit
    defsig_rtmem_formal.o(.text) refers to rt_raise.o(.text) for __rt_raise
    rt_raise.o(.text) refers to __raise.o(.text) for __raise
    rt_raise.o(.text) refers to retarget.o(.text) for _sys_exit
    defsig_exit.o(.text) refers to retarget.o(.text) for _sys_exit
    defsig_rtmem_inner.o(.text) refers to defsig_general.o(.text) for __default_signal_display
    __raise.o(.text) refers to defsig.o(CL$$defsig) for __default_signal_handler
    defsig_general.o(.text) refers to retarget.o(.text) for _ttywrch
    defsig.o(CL$$defsig) refers to defsig_rtmem_inner.o(.text) for __rt_SIGRTMEM_inner
    defsig_abrt_inner.o(.text) refers to defsig_general.o(.text) for __default_signal_display
    defsig_fpe_inner.o(.text) refers to defsig_general.o(.text) for __default_signal_display
    defsig_rtred_inner.o(.text) refers to defsig_general.o(.text) for __default_signal_display
    defsig_stak_inner.o(.text) refers to defsig_general.o(.text) for __default_signal_display
    defsig_pvfn_inner.o(.text) refers to defsig_general.o(.text) for __default_signal_display
    defsig_cppl_inner.o(.text) refers to defsig_general.o(.text) for __default_signal_display
    defsig_segv_inner.o(.text) refers to defsig_general.o(.text) for __default_signal_display
    defsig_other.o(.text) refers to defsig_general.o(.text) for __default_signal_display


==============================================================================

Removing Unused input sections from the image.

    Removing main.o(.rev16_text), (4 bytes).
    Removing main.o(.revsh_text), (4 bytes).
    Removing edk_driver.o(.rev16_text), (4 bytes).
    Removing edk_driver.o(.revsh_text), (4 bytes).
    Removing edk_driver.o(.data), (8 bytes).
    Removing retarget.o(.rev16_text), (4 bytes).
    Removing retarget.o(.revsh_text), (4 bytes).
    Removing retarget.o(.data), (16 bytes).
    Removing edk_api.o(.rev16_text), (4 bytes).
    Removing edk_api.o(.revsh_text), (4 bytes).

10 unused section(s) (total 56 bytes) removed from the image.

==============================================================================

Image Symbol Table

    Local Symbols

    Symbol Name                              Value     Ov Type        Size  Object(Section)

    RESET                                    0x00000000   Section      128  cm0dsasm.o(RESET)
    ../clib/angel/boardlib.s                 0x00000000   Number         0  boardinit1.o ABSOLUTE
    ../clib/angel/boardlib.s                 0x00000000   Number         0  boardinit2.o ABSOLUTE
    ../clib/angel/boardlib.s                 0x00000000   Number         0  boardinit3.o ABSOLUTE
    ../clib/angel/boardlib.s                 0x00000000   Number         0  boardshut.o ABSOLUTE
    ../clib/angel/handlers.s                 0x00000000   Number         0  __scatter_zi.o ABSOLUTE
    ../clib/angel/kernel.s                   0x00000000   Number         0  rtexit.o ABSOLUTE
    ../clib/angel/kernel.s                   0x00000000   Number         0  __rtentry.o ABSOLUTE
    ../clib/angel/kernel.s                   0x00000000   Number         0  __rtentry2.o ABSOLUTE
    ../clib/angel/kernel.s                   0x00000000   Number         0  rtexit2.o ABSOLUTE
    ../clib/angel/kernel.s                   0x00000000   Number         0  __rtentry4.o ABSOLUTE
    ../clib/angel/rt.s                       0x00000000   Number         0  rt_raise.o ABSOLUTE
    ../clib/angel/scatterp.s                 0x00000000   Number         0  __scatter.o ABSOLUTE
    ../clib/angel/startup.s                  0x00000000   Number         0  __main.o ABSOLUTE
    ../clib/angel/sys.s                      0x00000000   Number         0  sys_stackheap_outer.o ABSOLUTE
    ../clib/angel/sys.s                      0x00000000   Number         0  indicate_semi.o ABSOLUTE
    ../clib/angel/sys.s                      0x00000000   Number         0  use_no_semi.o ABSOLUTE
    ../clib/angel/sys.s                      0x00000000   Number         0  libspace.o ABSOLUTE
    ../clib/angel/sys.s                      0x00000000   Number         0  tempstk.o ABSOLUTE
    ../clib/angel/sysapp.c                   0x00000000   Number         0  sys_command.o ABSOLUTE
    ../clib/armsys.c                         0x00000000   Number         0  _get_argv_nomalloc.o ABSOLUTE
    ../clib/armsys.c                         0x00000000   Number         0  argv_veneer.o ABSOLUTE
    ../clib/armsys.c                         0x00000000   Number         0  no_argv.o ABSOLUTE
    ../clib/heapalloc.c                      0x00000000   Number         0  hrguard.o ABSOLUTE
    ../clib/heapaux.c                        0x00000000   Number         0  heapauxi.o ABSOLUTE
    ../clib/libinit.s                        0x00000000   Number         0  libinit2.o ABSOLUTE
    ../clib/libinit.s                        0x00000000   Number         0  libshutdown2.o ABSOLUTE
    ../clib/libinit.s                        0x00000000   Number         0  libinit.o ABSOLUTE
    ../clib/libinit.s                        0x00000000   Number         0  libshutdown.o ABSOLUTE
    ../clib/signal.c                         0x00000000   Number         0  defsig_general.o ABSOLUTE
    ../clib/signal.c                         0x00000000   Number         0  defsig_rtmem_formal.o ABSOLUTE
    ../clib/signal.c                         0x00000000   Number         0  defsig_rtmem_outer.o ABSOLUTE
    ../clib/signal.c                         0x00000000   Number         0  __raise.o ABSOLUTE
    ../clib/signal.c                         0x00000000   Number         0  defsig_cppl_inner.o ABSOLUTE
    ../clib/signal.c                         0x00000000   Number         0  defsig_abrt_inner.o ABSOLUTE
    ../clib/signal.c                         0x00000000   Number         0  defsig_segv_inner.o ABSOLUTE
    ../clib/signal.c                         0x00000000   Number         0  defsig_other.o ABSOLUTE
    ../clib/signal.c                         0x00000000   Number         0  defsig_exit.o ABSOLUTE
    ../clib/signal.c                         0x00000000   Number         0  defsig_rtred_inner.o ABSOLUTE
    ../clib/signal.c                         0x00000000   Number         0  defsig_rtmem_inner.o ABSOLUTE
    ../clib/signal.c                         0x00000000   Number         0  defsig_fpe_inner.o ABSOLUTE
    ../clib/signal.c                         0x00000000   Number         0  defsig_stak_inner.o ABSOLUTE
    ../clib/signal.c                         0x00000000   Number         0  defsig_pvfn_inner.o ABSOLUTE
    ../clib/signal.s                         0x00000000   Number         0  defsig.o ABSOLUTE
    ../clib/stdlib.c                         0x00000000   Number         0  exit.o ABSOLUTE
    ../fplib/cfplib/fpinit.c                 0x00000000   Number         0  fpinit.o ABSOLUTE
    Application\\main.c                      0x00000000   Number         0  main.o ABSOLUTE
    Application\main.c                       0x00000000   Number         0  main.o ABSOLUTE
    dc.s                                     0x00000000   Number         0  dc.o ABSOLUTE
    device\\edk_api.c                        0x00000000   Number         0  edk_api.o ABSOLUTE
    device\\edk_driver.c                     0x00000000   Number         0  edk_driver.o ABSOLUTE
    device\\retarget.c                       0x00000000   Number         0  retarget.o ABSOLUTE
    device\cm0dsasm.s                        0x00000000   Number         0  cm0dsasm.o ABSOLUTE
    device\edk_api.c                         0x00000000   Number         0  edk_api.o ABSOLUTE
    device\edk_driver.c                      0x00000000   Number         0  edk_driver.o ABSOLUTE
    device\retarget.c                        0x00000000   Number         0  retarget.o ABSOLUTE
    !!!main                                  0x00000080   Section        8  __main.o(!!!main)
    !!!scatter                               0x00000088   Section       60  __scatter.o(!!!scatter)
    !!handler_zi                             0x000000c4   Section       28  __scatter_zi.o(!!handler_zi)
    .ARM.Collect$$libinit$$00000000          0x000000e0   Section        2  libinit.o(.ARM.Collect$$libinit$$00000000)
    .ARM.Collect$$libinit$$00000002          0x000000e2   Section        0  libinit2.o(.ARM.Collect$$libinit$$00000002)
    .ARM.Collect$$libinit$$00000004          0x000000e2   Section        0  libinit2.o(.ARM.Collect$$libinit$$00000004)
    .ARM.Collect$$libinit$$0000000A          0x000000e2   Section        0  libinit2.o(.ARM.Collect$$libinit$$0000000A)
    .ARM.Collect$$libinit$$0000000C          0x000000e2   Section        0  libinit2.o(.ARM.Collect$$libinit$$0000000C)
    .ARM.Collect$$libinit$$0000000E          0x000000e2   Section        0  libinit2.o(.ARM.Collect$$libinit$$0000000E)
    .ARM.Collect$$libinit$$00000011          0x000000e2   Section        0  libinit2.o(.ARM.Collect$$libinit$$00000011)
    .ARM.Collect$$libinit$$00000013          0x000000e2   Section        0  libinit2.o(.ARM.Collect$$libinit$$00000013)
    .ARM.Collect$$libinit$$00000015          0x000000e2   Section        0  libinit2.o(.ARM.Collect$$libinit$$00000015)
    .ARM.Collect$$libinit$$00000017          0x000000e2   Section        0  libinit2.o(.ARM.Collect$$libinit$$00000017)
    .ARM.Collect$$libinit$$00000019          0x000000e2   Section        0  libinit2.o(.ARM.Collect$$libinit$$00000019)
    .ARM.Collect$$libinit$$0000001B          0x000000e2   Section        0  libinit2.o(.ARM.Collect$$libinit$$0000001B)
    .ARM.Collect$$libinit$$0000001D          0x000000e2   Section        0  libinit2.o(.ARM.Collect$$libinit$$0000001D)
    .ARM.Collect$$libinit$$0000001F          0x000000e2   Section        0  libinit2.o(.ARM.Collect$$libinit$$0000001F)
    .ARM.Collect$$libinit$$00000021          0x000000e2   Section        0  libinit2.o(.ARM.Collect$$libinit$$00000021)
    .ARM.Collect$$libinit$$00000023          0x000000e2   Section        0  libinit2.o(.ARM.Collect$$libinit$$00000023)
    .ARM.Collect$$libinit$$00000025          0x000000e2   Section        0  libinit2.o(.ARM.Collect$$libinit$$00000025)
    .ARM.Collect$$libinit$$0000002C          0x000000e2   Section        0  libinit2.o(.ARM.Collect$$libinit$$0000002C)
    .ARM.Collect$$libinit$$0000002E          0x000000e2   Section        0  libinit2.o(.ARM.Collect$$libinit$$0000002E)
    .ARM.Collect$$libinit$$00000030          0x000000e2   Section        0  libinit2.o(.ARM.Collect$$libinit$$00000030)
    .ARM.Collect$$libinit$$00000032          0x000000e2   Section        0  libinit2.o(.ARM.Collect$$libinit$$00000032)
    .ARM.Collect$$libinit$$00000033          0x000000e2   Section        2  libinit2.o(.ARM.Collect$$libinit$$00000033)
    .ARM.Collect$$libshutdown$$00000000      0x000000e4   Section        2  libshutdown.o(.ARM.Collect$$libshutdown$$00000000)
    .ARM.Collect$$libshutdown$$00000002      0x000000e6   Section        0  libshutdown2.o(.ARM.Collect$$libshutdown$$00000002)
    .ARM.Collect$$libshutdown$$00000004      0x000000e6   Section        0  libshutdown2.o(.ARM.Collect$$libshutdown$$00000004)
    .ARM.Collect$$libshutdown$$00000007      0x000000e6   Section        0  libshutdown2.o(.ARM.Collect$$libshutdown$$00000007)
    .ARM.Collect$$libshutdown$$0000000A      0x000000e6   Section        0  libshutdown2.o(.ARM.Collect$$libshutdown$$0000000A)
    .ARM.Collect$$libshutdown$$0000000C      0x000000e6   Section        0  libshutdown2.o(.ARM.Collect$$libshutdown$$0000000C)
    .ARM.Collect$$libshutdown$$0000000F      0x000000e6   Section        0  libshutdown2.o(.ARM.Collect$$libshutdown$$0000000F)
    .ARM.Collect$$libshutdown$$00000010      0x000000e6   Section        2  libshutdown2.o(.ARM.Collect$$libshutdown$$00000010)
    .ARM.Collect$$rtentry$$00000000          0x000000e8   Section        0  __rtentry.o(.ARM.Collect$$rtentry$$00000000)
    .ARM.Collect$$rtentry$$00000002          0x000000e8   Section        0  __rtentry2.o(.ARM.Collect$$rtentry$$00000002)
    .ARM.Collect$$rtentry$$00000004          0x000000e8   Section        6  __rtentry4.o(.ARM.Collect$$rtentry$$00000004)
    .ARM.Collect$$rtentry$$00000009          0x000000ee   Section        0  __rtentry2.o(.ARM.Collect$$rtentry$$00000009)
    .ARM.Collect$$rtentry$$0000000A          0x000000ee   Section        4  __rtentry2.o(.ARM.Collect$$rtentry$$0000000A)
    .ARM.Collect$$rtentry$$0000000C          0x000000f2   Section        0  __rtentry2.o(.ARM.Collect$$rtentry$$0000000C)
    .ARM.Collect$$rtentry$$0000000D          0x000000f2   Section        8  __rtentry2.o(.ARM.Collect$$rtentry$$0000000D)
    .ARM.Collect$$rtexit$$00000000           0x000000fa   Section        2  rtexit.o(.ARM.Collect$$rtexit$$00000000)
    .ARM.Collect$$rtexit$$00000002           0x000000fc   Section        0  rtexit2.o(.ARM.Collect$$rtexit$$00000002)
    .ARM.Collect$$rtexit$$00000003           0x000000fc   Section        4  rtexit2.o(.ARM.Collect$$rtexit$$00000003)
    .ARM.Collect$$rtexit$$00000004           0x00000100   Section        6  rtexit2.o(.ARM.Collect$$rtexit$$00000004)
    .text                                    0x00000108   Section        0  main.o(.text)
    .text                                    0x00000ac0   Section       48  cm0dsasm.o(.text)
    .text                                    0x00000af0   Section        0  edk_driver.o(.text)
    .text                                    0x00000b84   Section        0  retarget.o(.text)
    .text                                    0x00000be4   Section        0  edk_api.o(.text)
    NVIC_SetPriority                         0x00000be5   Thumb Code   110  edk_api.o(.text)
    .text                                    0x00000da0   Section        2  use_no_semi.o(.text)
    .text                                    0x00000da2   Section        0  heapauxi.o(.text)
    .text                                    0x00000da8   Section       62  sys_stackheap_outer.o(.text)
    .text                                    0x00000de6   Section        0  exit.o(.text)
    .text                                    0x00000df8   Section        8  libspace.o(.text)
    .conststring                             0x00000e00   Section      130  main.o(.conststring)
    .data                                    0x00000e94   Section       96  main.o(.data)
    dig1                                     0x00000e94   Data           1  main.o(.data)
    dig2                                     0x00000e95   Data           1  main.o(.data)
    dig3                                     0x00000e96   Data           1  main.o(.data)
    dig4                                     0x00000e97   Data           1  main.o(.data)
    dig5                                     0x00000e98   Data           1  main.o(.data)
    dig6                                     0x00000e99   Data           1  main.o(.data)
    dig7                                     0x00000e9a   Data           1  main.o(.data)
    dig8                                     0x00000e9b   Data           1  main.o(.data)
    .data                                    0x00000ef4   Section        8  edk_api.o(.data)
    dig1                                     0x00000ef4   Data           1  edk_api.o(.data)
    dig2                                     0x00000ef5   Data           1  edk_api.o(.data)
    dig3                                     0x00000ef6   Data           1  edk_api.o(.data)
    dig4                                     0x00000ef7   Data           1  edk_api.o(.data)
    dig5                                     0x00000ef8   Data           1  edk_api.o(.data)
    dig6                                     0x00000ef9   Data           1  edk_api.o(.data)
    dig7                                     0x00000efa   Data           1  edk_api.o(.data)
    dig8                                     0x00000efb   Data           1  edk_api.o(.data)
    .bss                                     0x00000efc   Section     8000  main.o(.bss)
    .bss                                     0x00002e3c   Section       96  libspace.o(.bss)
    HEAP                                     0x00002ea0   Section     1024  cm0dsasm.o(HEAP)
    Heap_Mem                                 0x00002ea0   Data        1024  cm0dsasm.o(HEAP)
    STACK                                    0x000032a0   Section     1024  cm0dsasm.o(STACK)
    Stack_Mem                                0x000032a0   Data        1024  cm0dsasm.o(STACK)

    Global Symbols

    Symbol Name                              Value     Ov Type        Size  Object(Section)

    BuildAttributes$$THM_ISAv3M$S$PE$A:L22$X:L11$S22$IEEE1$IW$USESV6$~STKCKD$USESV7$~SHL$OSPACE$ROPI$EBA8$UX$STANDARDLIB$REQ8$PRES8$EABIv2 0x00000000   Number         0  anon$$obj.o ABSOLUTE
    __ARM_use_no_argv                        0x00000000   Number         0  main.o ABSOLUTE
    __Vectors                                0x00000000   Data           4  cm0dsasm.o(RESET)
    __ARM_exceptions_init                     - Undefined Weak Reference
    __alloca_initialize                       - Undefined Weak Reference
    __arm_preinit_                            - Undefined Weak Reference
    __cpp_initialize__aeabi_                  - Undefined Weak Reference
    __cxa_finalize                            - Undefined Weak Reference
    __rt_locale                               - Undefined Weak Reference
    __sigvec_lookup                           - Undefined Weak Reference
    _atexit_init                              - Undefined Weak Reference
    _call_atexit_fns                          - Undefined Weak Reference
    _clock_init                               - Undefined Weak Reference
    _fp_trap_init                             - Undefined Weak Reference
    _fp_trap_shutdown                         - Undefined Weak Reference
    _get_lc_collate                           - Undefined Weak Reference
    _get_lc_ctype                             - Undefined Weak Reference
    _get_lc_monetary                          - Undefined Weak Reference
    _get_lc_numeric                           - Undefined Weak Reference
    _get_lc_time                              - Undefined Weak Reference
    _getenv_init                              - Undefined Weak Reference
    _handle_redirection                       - Undefined Weak Reference
    _init_alloc                               - Undefined Weak Reference
    _init_user_alloc                          - Undefined Weak Reference
    _initio                                   - Undefined Weak Reference
    _rand_init                                - Undefined Weak Reference
    _signal_finish                            - Undefined Weak Reference
    _signal_init                              - Undefined Weak Reference
    _terminate_alloc                          - Undefined Weak Reference
    _terminate_user_alloc                     - Undefined Weak Reference
    _terminateio                              - Undefined Weak Reference
    __main                                   0x00000081   Thumb Code     8  __main.o(!!!main)
    __scatterload                            0x00000089   Thumb Code     0  __scatter.o(!!!scatter)
    __scatterload_rt2                        0x00000089   Thumb Code    52  __scatter.o(!!!scatter)
    __scatterload_rt2_thumb_only             0x00000089   Thumb Code     0  __scatter.o(!!!scatter)
    __scatterload_null                       0x00000099   Thumb Code     0  __scatter.o(!!!scatter)
    __scatterload_zeroinit                   0x000000c5   Thumb Code    28  __scatter_zi.o(!!handler_zi)
    __rt_lib_init                            0x000000e1   Thumb Code     0  libinit.o(.ARM.Collect$$libinit$$00000000)
    __rt_lib_init_alloca_1                   0x000000e3   Thumb Code     0  libinit2.o(.ARM.Collect$$libinit$$0000002E)
    __rt_lib_init_argv_1                     0x000000e3   Thumb Code     0  libinit2.o(.ARM.Collect$$libinit$$0000002C)
    __rt_lib_init_atexit_1                   0x000000e3   Thumb Code     0  libinit2.o(.ARM.Collect$$libinit$$0000001B)
    __rt_lib_init_clock_1                    0x000000e3   Thumb Code     0  libinit2.o(.ARM.Collect$$libinit$$00000021)
    __rt_lib_init_cpp_1                      0x000000e3   Thumb Code     0  libinit2.o(.ARM.Collect$$libinit$$00000032)
    __rt_lib_init_exceptions_1               0x000000e3   Thumb Code     0  libinit2.o(.ARM.Collect$$libinit$$00000030)
    __rt_lib_init_fp_1                       0x000000e3   Thumb Code     0  libinit2.o(.ARM.Collect$$libinit$$00000002)
    __rt_lib_init_fp_trap_1                  0x000000e3   Thumb Code     0  libinit2.o(.ARM.Collect$$libinit$$0000001F)
    __rt_lib_init_getenv_1                   0x000000e3   Thumb Code     0  libinit2.o(.ARM.Collect$$libinit$$00000023)
    __rt_lib_init_heap_1                     0x000000e3   Thumb Code     0  libinit2.o(.ARM.Collect$$libinit$$0000000A)
    __rt_lib_init_lc_collate_1               0x000000e3   Thumb Code     0  libinit2.o(.ARM.Collect$$libinit$$00000011)
    __rt_lib_init_lc_ctype_1                 0x000000e3   Thumb Code     0  libinit2.o(.ARM.Collect$$libinit$$00000013)
    __rt_lib_init_lc_monetary_1              0x000000e3   Thumb Code     0  libinit2.o(.ARM.Collect$$libinit$$00000015)
    __rt_lib_init_lc_numeric_1               0x000000e3   Thumb Code     0  libinit2.o(.ARM.Collect$$libinit$$00000017)
    __rt_lib_init_lc_time_1                  0x000000e3   Thumb Code     0  libinit2.o(.ARM.Collect$$libinit$$00000019)
    __rt_lib_init_preinit_1                  0x000000e3   Thumb Code     0  libinit2.o(.ARM.Collect$$libinit$$00000004)
    __rt_lib_init_rand_1                     0x000000e3   Thumb Code     0  libinit2.o(.ARM.Collect$$libinit$$0000000E)
    __rt_lib_init_return                     0x000000e3   Thumb Code     0  libinit2.o(.ARM.Collect$$libinit$$00000033)
    __rt_lib_init_signal_1                   0x000000e3   Thumb Code     0  libinit2.o(.ARM.Collect$$libinit$$0000001D)
    __rt_lib_init_stdio_1                    0x000000e3   Thumb Code     0  libinit2.o(.ARM.Collect$$libinit$$00000025)
    __rt_lib_init_user_alloc_1               0x000000e3   Thumb Code     0  libinit2.o(.ARM.Collect$$libinit$$0000000C)
    __rt_lib_shutdown                        0x000000e5   Thumb Code     0  libshutdown.o(.ARM.Collect$$libshutdown$$00000000)
    __rt_lib_shutdown_cpp_1                  0x000000e7   Thumb Code     0  libshutdown2.o(.ARM.Collect$$libshutdown$$00000002)
    __rt_lib_shutdown_fp_trap_1              0x000000e7   Thumb Code     0  libshutdown2.o(.ARM.Collect$$libshutdown$$00000007)
    __rt_lib_shutdown_heap_1                 0x000000e7   Thumb Code     0  libshutdown2.o(.ARM.Collect$$libshutdown$$0000000F)
    __rt_lib_shutdown_return                 0x000000e7   Thumb Code     0  libshutdown2.o(.ARM.Collect$$libshutdown$$00000010)
    __rt_lib_shutdown_signal_1               0x000000e7   Thumb Code     0  libshutdown2.o(.ARM.Collect$$libshutdown$$0000000A)
    __rt_lib_shutdown_stdio_1                0x000000e7   Thumb Code     0  libshutdown2.o(.ARM.Collect$$libshutdown$$00000004)
    __rt_lib_shutdown_user_alloc_1           0x000000e7   Thumb Code     0  libshutdown2.o(.ARM.Collect$$libshutdown$$0000000C)
    __rt_entry                               0x000000e9   Thumb Code     0  __rtentry.o(.ARM.Collect$$rtentry$$00000000)
    __rt_entry_presh_1                       0x000000e9   Thumb Code     0  __rtentry2.o(.ARM.Collect$$rtentry$$00000002)
    __rt_entry_sh                            0x000000e9   Thumb Code     0  __rtentry4.o(.ARM.Collect$$rtentry$$00000004)
    __rt_entry_li                            0x000000ef   Thumb Code     0  __rtentry2.o(.ARM.Collect$$rtentry$$0000000A)
    __rt_entry_postsh_1                      0x000000ef   Thumb Code     0  __rtentry2.o(.ARM.Collect$$rtentry$$00000009)
    __rt_entry_main                          0x000000f3   Thumb Code     0  __rtentry2.o(.ARM.Collect$$rtentry$$0000000D)
    __rt_entry_postli_1                      0x000000f3   Thumb Code     0  __rtentry2.o(.ARM.Collect$$rtentry$$0000000C)
    __rt_exit                                0x000000fb   Thumb Code     0  rtexit.o(.ARM.Collect$$rtexit$$00000000)
    __rt_exit_ls                             0x000000fd   Thumb Code     0  rtexit2.o(.ARM.Collect$$rtexit$$00000003)
    __rt_exit_prels_1                        0x000000fd   Thumb Code     0  rtexit2.o(.ARM.Collect$$rtexit$$00000002)
    __rt_exit_exit                           0x00000101   Thumb Code     0  rtexit2.o(.ARM.Collect$$rtexit$$00000004)
    UART_ISR                                 0x00000109   Thumb Code    10  main.o(.text)
    Timer_ISR                                0x00000113   Thumb Code   104  main.o(.text)
    displayTrials                            0x0000017b   Thumb Code    96  main.o(.text)
    displaySuccess                           0x000001db   Thumb Code    96  main.o(.text)
    DrawOutline                              0x0000023b   Thumb Code    84  main.o(.text)
    write                                    0x0000028f   Thumb Code    36  main.o(.text)
    DrawDot                                  0x000002b3   Thumb Code    50  main.o(.text)
    DrawLineH                                0x000002e5   Thumb Code    40  main.o(.text)
    DrawLineV                                0x0000030d   Thumb Code    40  main.o(.text)
    DrawMaze                                 0x00000335   Thumb Code   400  main.o(.text)
    game_init                                0x000004c5   Thumb Code   236  main.o(.text)
    hitWall                                  0x000005b1   Thumb Code    56  main.o(.text)
    inMaze                                   0x000005e9   Thumb Code    42  main.o(.text)
    targetisreached                          0x00000613   Thumb Code    76  main.o(.text)
    gameover                                 0x0000065f   Thumb Code    44  main.o(.text)
    clear_console                            0x0000068b   Thumb Code    10  main.o(.text)
    outOfMazeAction                          0x00000695   Thumb Code    58  main.o(.text)
    main                                     0x000006cf   Thumb Code   968  main.o(.text)
    Reset_Handler                            0x00000ac1   Thumb Code     4  cm0dsasm.o(.text)
    Timer_Handler                            0x00000ac5   Thumb Code     8  cm0dsasm.o(.text)
    UART_Handler                             0x00000acd   Thumb Code     4  cm0dsasm.o(.text)
    __user_initial_stackheap                 0x00000ad1   Thumb Code     0  cm0dsasm.o(.text)
    VGA_plot_pixel                           0x00000af1   Thumb Code    14  edk_driver.o(.text)
    seven_seg_write                          0x00000aff   Thumb Code    16  edk_driver.o(.text)
    seven_seg_write2                         0x00000b0f   Thumb Code    16  edk_driver.o(.text)
    timer_init                               0x00000b1f   Thumb Code    40  edk_driver.o(.text)
    timer_enable                             0x00000b47   Thumb Code    18  edk_driver.o(.text)
    timer_irq_clear                          0x00000b59   Thumb Code    10  edk_driver.o(.text)
    GPIO_read                                0x00000b63   Thumb Code    14  edk_driver.o(.text)
    GPIO_write                               0x00000b71   Thumb Code    14  edk_driver.o(.text)
    VGAPutc                                  0x00000b85   Thumb Code     8  retarget.o(.text)
    UartPutc                                 0x00000b8d   Thumb Code     8  retarget.o(.text)
    UartGetc                                 0x00000b95   Thumb Code    10  retarget.o(.text)
    KBHIT                                    0x00000b9f   Thumb Code    22  retarget.o(.text)
    fputc                                    0x00000bb5   Thumb Code    14  retarget.o(.text)
    fgetc                                    0x00000bc3   Thumb Code    10  retarget.o(.text)
    ferror                                   0x00000bcd   Thumb Code     8  retarget.o(.text)
    _ttywrch                                 0x00000bd5   Thumb Code    12  retarget.o(.text)
    _sys_exit                                0x00000be1   Thumb Code     4  retarget.o(.text)
    clear_screen                             0x00000c53   Thumb Code    34  edk_api.o(.text)
    SoC_init                                 0x00000c75   Thumb Code    56  edk_api.o(.text)
    Display_Int_Times                        0x00000cad   Thumb Code   100  edk_api.o(.text)
    rectangle                                0x00000d11   Thumb Code    46  edk_api.o(.text)
    read_switch                              0x00000d3f   Thumb Code     8  edk_api.o(.text)
    write_LED                                0x00000d47   Thumb Code    12  edk_api.o(.text)
    delay                                    0x00000d53   Thumb Code    12  edk_api.o(.text)
    random                                   0x00000d5f   Thumb Code    40  edk_api.o(.text)
    __I$use$semihosting                      0x00000da1   Thumb Code     0  use_no_semi.o(.text)
    __use_no_semihosting_swi                 0x00000da1   Thumb Code     2  use_no_semi.o(.text)
    __use_two_region_memory                  0x00000da3   Thumb Code     2  heapauxi.o(.text)
    __rt_heap_escrow$2region                 0x00000da5   Thumb Code     2  heapauxi.o(.text)
    __rt_heap_expand$2region                 0x00000da7   Thumb Code     2  heapauxi.o(.text)
    __user_setup_stackheap                   0x00000da9   Thumb Code    62  sys_stackheap_outer.o(.text)
    exit                                     0x00000de7   Thumb Code    16  exit.o(.text)
    __user_libspace                          0x00000df9   Thumb Code     8  libspace.o(.text)
    __user_perproc_libspace                  0x00000df9   Thumb Code     0  libspace.o(.text)
    __user_perthread_libspace                0x00000df9   Thumb Code     0  libspace.o(.text)
    Region$$Table$$Base                      0x00000e84   Number         0  anon$$obj.o(Region$$Table)
    Region$$Table$$Limit                     0x00000e94   Number         0  anon$$obj.o(Region$$Table)
    x                                        0x00000e9c   Data           4  main.o(.data)
    y                                        0x00000ea0   Data           4  main.o(.data)
    tarposx                                  0x00000ea4   Data           4  main.o(.data)
    tarposy                                  0x00000ea8   Data           4  main.o(.data)
    startposx                                0x00000eac   Data           4  main.o(.data)
    startposy                                0x00000eb0   Data           4  main.o(.data)
    mazecolor                                0x00000eb4   Data           4  main.o(.data)
    height                                   0x00000eb8   Data           4  main.o(.data)
    width                                    0x00000ebc   Data           4  main.o(.data)
    success                                  0x00000ec0   Data           4  main.o(.data)
    starttime                                0x00000ec4   Data           4  main.o(.data)
    currenttime                              0x00000ec8   Data           4  main.o(.data)
    newx                                     0x00000ecc   Data           4  main.o(.data)
    newy                                     0x00000ed0   Data           4  main.o(.data)
    deadline                                 0x00000ed4   Data           4  main.o(.data)
    i                                        0x00000ed8   Data           4  main.o(.data)
    d                                        0x00000edc   Data           4  main.o(.data)
    col                                      0x00000ee0   Data           4  main.o(.data)
    direction                                0x00000ee4   Data           1  main.o(.data)
    trials                                   0x00000ee8   Data           4  main.o(.data)
    successes                                0x00000eec   Data           4  main.o(.data)
    wallDotArrayIndex                        0x00000ef0   Data           4  main.o(.data)
    wallDotsArray                            0x00000efc   Data        8000  main.o(.bss)
    __libspace_start                         0x00002e3c   Data          96  libspace.o(.bss)
    __temporary_stack_top$libspace           0x00002e9c   Data           0  libspace.o(.bss)



==============================================================================

Memory Map of the image

  Image Entry point : 0x00000ac1

  Load Region LR_1 (Base: 0x00000000, Size: 0x00000efc, Max: 0xffffffff, ABSOLUTE)

    Execution Region ER_RO (Exec base: 0x00000000, Load base: 0x00000000, Size: 0x00000e94, Max: 0xffffffff, ABSOLUTE)

    Exec Addr    Load Addr    Size         Type   Attr      Idx    E Section Name        Object

    0x00000000   0x00000000   0x00000080   Data   RO           59    RESET               cm0dsasm.o
    0x00000080   0x00000080   0x00000008   Code   RO          168  * !!!main             c_p.l(__main.o)
    0x00000088   0x00000088   0x0000003c   Code   RO          321    !!!scatter          c_p.l(__scatter.o)
    0x000000c4   0x000000c4   0x0000001c   Code   RO          323    !!handler_zi        c_p.l(__scatter_zi.o)
    0x000000e0   0x000000e0   0x00000002   Code   RO          196    .ARM.Collect$$libinit$$00000000  c_p.l(libinit.o)
    0x000000e2   0x000000e2   0x00000000   Code   RO          204    .ARM.Collect$$libinit$$00000002  c_p.l(libinit2.o)
    0x000000e2   0x000000e2   0x00000000   Code   RO          206    .ARM.Collect$$libinit$$00000004  c_p.l(libinit2.o)
    0x000000e2   0x000000e2   0x00000000   Code   RO          209    .ARM.Collect$$libinit$$0000000A  c_p.l(libinit2.o)
    0x000000e2   0x000000e2   0x00000000   Code   RO          211    .ARM.Collect$$libinit$$0000000C  c_p.l(libinit2.o)
    0x000000e2   0x000000e2   0x00000000   Code   RO          213    .ARM.Collect$$libinit$$0000000E  c_p.l(libinit2.o)
    0x000000e2   0x000000e2   0x00000000   Code   RO          216    .ARM.Collect$$libinit$$00000011  c_p.l(libinit2.o)
    0x000000e2   0x000000e2   0x00000000   Code   RO          218    .ARM.Collect$$libinit$$00000013  c_p.l(libinit2.o)
    0x000000e2   0x000000e2   0x00000000   Code   RO          220    .ARM.Collect$$libinit$$00000015  c_p.l(libinit2.o)
    0x000000e2   0x000000e2   0x00000000   Code   RO          222    .ARM.Collect$$libinit$$00000017  c_p.l(libinit2.o)
    0x000000e2   0x000000e2   0x00000000   Code   RO          224    .ARM.Collect$$libinit$$00000019  c_p.l(libinit2.o)
    0x000000e2   0x000000e2   0x00000000   Code   RO          226    .ARM.Collect$$libinit$$0000001B  c_p.l(libinit2.o)
    0x000000e2   0x000000e2   0x00000000   Code   RO          228    .ARM.Collect$$libinit$$0000001D  c_p.l(libinit2.o)
    0x000000e2   0x000000e2   0x00000000   Code   RO          230    .ARM.Collect$$libinit$$0000001F  c_p.l(libinit2.o)
    0x000000e2   0x000000e2   0x00000000   Code   RO          232    .ARM.Collect$$libinit$$00000021  c_p.l(libinit2.o)
    0x000000e2   0x000000e2   0x00000000   Code   RO          234    .ARM.Collect$$libinit$$00000023  c_p.l(libinit2.o)
    0x000000e2   0x000000e2   0x00000000   Code   RO          236    .ARM.Collect$$libinit$$00000025  c_p.l(libinit2.o)
    0x000000e2   0x000000e2   0x00000000   Code   RO          240    .ARM.Collect$$libinit$$0000002C  c_p.l(libinit2.o)
    0x000000e2   0x000000e2   0x00000000   Code   RO          242    .ARM.Collect$$libinit$$0000002E  c_p.l(libinit2.o)
    0x000000e2   0x000000e2   0x00000000   Code   RO          244    .ARM.Collect$$libinit$$00000030  c_p.l(libinit2.o)
    0x000000e2   0x000000e2   0x00000000   Code   RO          246    .ARM.Collect$$libinit$$00000032  c_p.l(libinit2.o)
    0x000000e2   0x000000e2   0x00000002   Code   RO          247    .ARM.Collect$$libinit$$00000033  c_p.l(libinit2.o)
    0x000000e4   0x000000e4   0x00000002   Code   RO          265    .ARM.Collect$$libshutdown$$00000000  c_p.l(libshutdown.o)
    0x000000e6   0x000000e6   0x00000000   Code   RO          275    .ARM.Collect$$libshutdown$$00000002  c_p.l(libshutdown2.o)
    0x000000e6   0x000000e6   0x00000000   Code   RO          277    .ARM.Collect$$libshutdown$$00000004  c_p.l(libshutdown2.o)
    0x000000e6   0x000000e6   0x00000000   Code   RO          280    .ARM.Collect$$libshutdown$$00000007  c_p.l(libshutdown2.o)
    0x000000e6   0x000000e6   0x00000000   Code   RO          283    .ARM.Collect$$libshutdown$$0000000A  c_p.l(libshutdown2.o)
    0x000000e6   0x000000e6   0x00000000   Code   RO          285    .ARM.Collect$$libshutdown$$0000000C  c_p.l(libshutdown2.o)
    0x000000e6   0x000000e6   0x00000000   Code   RO          288    .ARM.Collect$$libshutdown$$0000000F  c_p.l(libshutdown2.o)
    0x000000e6   0x000000e6   0x00000002   Code   RO          289    .ARM.Collect$$libshutdown$$00000010  c_p.l(libshutdown2.o)
    0x000000e8   0x000000e8   0x00000000   Code   RO          170    .ARM.Collect$$rtentry$$00000000  c_p.l(__rtentry.o)
    0x000000e8   0x000000e8   0x00000000   Code   RO          172    .ARM.Collect$$rtentry$$00000002  c_p.l(__rtentry2.o)
    0x000000e8   0x000000e8   0x00000006   Code   RO          184    .ARM.Collect$$rtentry$$00000004  c_p.l(__rtentry4.o)
    0x000000ee   0x000000ee   0x00000000   Code   RO          174    .ARM.Collect$$rtentry$$00000009  c_p.l(__rtentry2.o)
    0x000000ee   0x000000ee   0x00000004   Code   RO          175    .ARM.Collect$$rtentry$$0000000A  c_p.l(__rtentry2.o)
    0x000000f2   0x000000f2   0x00000000   Code   RO          177    .ARM.Collect$$rtentry$$0000000C  c_p.l(__rtentry2.o)
    0x000000f2   0x000000f2   0x00000008   Code   RO          178    .ARM.Collect$$rtentry$$0000000D  c_p.l(__rtentry2.o)
    0x000000fa   0x000000fa   0x00000002   Code   RO          201    .ARM.Collect$$rtexit$$00000000  c_p.l(rtexit.o)
    0x000000fc   0x000000fc   0x00000000   Code   RO          249    .ARM.Collect$$rtexit$$00000002  c_p.l(rtexit2.o)
    0x000000fc   0x000000fc   0x00000004   Code   RO          250    .ARM.Collect$$rtexit$$00000003  c_p.l(rtexit2.o)
    0x00000100   0x00000100   0x00000006   Code   RO          251    .ARM.Collect$$rtexit$$00000004  c_p.l(rtexit2.o)
    0x00000106   0x00000106   0x00000002   PAD
    0x00000108   0x00000108   0x000009b8   Code   RO            3    .text               main.o
    0x00000ac0   0x00000ac0   0x00000030   Code   RO           60  * .text               cm0dsasm.o
    0x00000af0   0x00000af0   0x00000094   Code   RO           66    .text               edk_driver.o
    0x00000b84   0x00000b84   0x00000060   Code   RO          103    .text               retarget.o
    0x00000be4   0x00000be4   0x000001bc   Code   RO          139    .text               edk_api.o
    0x00000da0   0x00000da0   0x00000002   Code   RO          164    .text               c_p.l(use_no_semi.o)
    0x00000da2   0x00000da2   0x00000006   Code   RO          166    .text               c_p.l(heapauxi.o)
    0x00000da8   0x00000da8   0x0000003e   Code   RO          186    .text               c_p.l(sys_stackheap_outer.o)
    0x00000de6   0x00000de6   0x00000010   Code   RO          189    .text               c_p.l(exit.o)
    0x00000df6   0x00000df6   0x00000002   PAD
    0x00000df8   0x00000df8   0x00000008   Code   RO          197    .text               c_p.l(libspace.o)
    0x00000e00   0x00000e00   0x00000082   Data   RO            5    .conststring        main.o
    0x00000e82   0x00000e82   0x00000002   PAD
    0x00000e84   0x00000e84   0x00000010   Data   RO          319    Region$$Table       anon$$obj.o


    Execution Region ER_RW (Exec base: 0x00000e94, Load base: 0x00000e94, Size: 0x00000068, Max: 0xffffffff, ABSOLUTE)

    Exec Addr    Load Addr    Size         Type   Attr      Idx    E Section Name        Object

    0x00000e94   0x00000e94   0x00000060   Data   RW            6    .data               main.o
    0x00000ef4   0x00000ef4   0x00000008   Data   RW          140    .data               edk_api.o


    Execution Region ER_ZI (Exec base: 0x00000efc, Load base: 0x00000efc, Size: 0x000027a4, Max: 0xffffffff, ABSOLUTE)

    Exec Addr    Load Addr    Size         Type   Attr      Idx    E Section Name        Object

    0x00000efc        -       0x00001f40   Zero   RW            4    .bss                main.o
    0x00002e3c        -       0x00000060   Zero   RW          198    .bss                c_p.l(libspace.o)
    0x00002e9c   0x00000efc   0x00000004   PAD
    0x00002ea0        -       0x00000400   Zero   RW           58    HEAP                cm0dsasm.o
    0x000032a0        -       0x00000400   Zero   RW           57    STACK               cm0dsasm.o


==============================================================================

Image component sizes


      Code (inc. data)   RO Data    RW Data    ZI Data      Debug   Object Name

        48         22        128          0       2048        456   cm0dsasm.o
       444         26          0          8          0       2491   edk_api.o
       148          6          0          0          0       2499   edk_driver.o
      2488        392        130         96       8000      11063   main.o
        96          0          0          0          0       3411   retarget.o

    ----------------------------------------------------------------------
      3224        446        276        104      10048      19920   Object Totals
         0          0         16          0          0          0   (incl. Generated)
         0          0          2          0          0          0   (incl. Padding)

    ----------------------------------------------------------------------

      Code (inc. data)   RO Data    RW Data    ZI Data      Debug   Library Member Name

         8          0          0          0          0         68   __main.o
         0          0          0          0          0          0   __rtentry.o
        12          0          0          0          0          0   __rtentry2.o
         6          0          0          0          0          0   __rtentry4.o
        60          8          0          0          0          0   __scatter.o
        28          0          0          0          0          0   __scatter_zi.o
        16          0          0          0          0         68   exit.o
         6          0          0          0          0        136   heapauxi.o
         2          0          0          0          0          0   libinit.o
         2          0          0          0          0          0   libinit2.o
         2          0          0          0          0          0   libshutdown.o
         2          0          0          0          0          0   libshutdown2.o
         8          4          0          0         96         68   libspace.o
         2          0          0          0          0          0   rtexit.o
        10          0          0          0          0          0   rtexit2.o
        62          0          0          0          0         80   sys_stackheap_outer.o
         2          0          0          0          0         68   use_no_semi.o

    ----------------------------------------------------------------------
       232         12          0          0        100        488   Library Totals
         4          0          0          0          4          0   (incl. Padding)

    ----------------------------------------------------------------------

      Code (inc. data)   RO Data    RW Data    ZI Data      Debug   Library Name

       228         12          0          0         96        488   c_p.l

    ----------------------------------------------------------------------
       232         12          0          0        100        488   Library Totals

    ----------------------------------------------------------------------

==============================================================================


      Code (inc. data)   RO Data    RW Data    ZI Data      Debug   

      3456        458        276        104      10148      19896   Grand Totals
      3456        458        276        104      10148      19896   ELF Image Totals
      3456        458        276        104          0          0   ROM Totals

==============================================================================

    Total RO  Size (Code + RO Data)                 3732 (   3.64kB)
    Total RW  Size (RW Data + ZI Data)             10252 (  10.01kB)
    Total ROM Size (Code + RO Data + RW Data)       3836 (   3.75kB)

==============================================================================

