#-----------------------------------------------------------
# Vivado v2017.4 (64-bit)
# SW Build 2086221 on Fri Dec 15 20:55:39 MST 2017
# IP Build 2085800 on Fri Dec 15 22:25:07 MST 2017
# Start of session at: Mon Jan  7 14:30:59 2019
# Process ID: 18284
# Current directory: C:/Users/Administrator/Desktop/HW_SW design labs/Final_Project/projectFinal/vivado/lab5_3preph
# Command line: vivado.exe -gui_launcher_event rodinguilauncherevent22936 C:\Users\Administrator\Desktop\HW_SW design labs\Final_Project\projectFinal\vivado\lab5_3preph\lab5_3preph.xpr
# Log file: C:/Users/Administrator/Desktop/HW_SW design labs/Final_Project/projectFinal/vivado/lab5_3preph/vivado.log
# Journal file: C:/Users/Administrator/Desktop/HW_SW design labs/Final_Project/projectFinal/vivado/lab5_3preph\vivado.jou
#-----------------------------------------------------------
start_gui
open_project {C:/Users/Administrator/Desktop/HW_SW design labs/Final_Project/projectFinal/vivado/lab5_3preph/lab5_3preph.xpr}
update_compile_order -fileset sources_1
reset_run synth_1
launch_runs synth_1 -jobs 4
wait_on_run synth_1
reset_run synth_1
import_files -force -norecurse {{C:/Users/Administrator/Desktop/HW_SW design labs/Final_Project/projectFinal/software/code.mem}}
launch_runs synth_1 -jobs 4
wait_on_run synth_1
reset_run synth_1
launch_runs synth_1 -jobs 4
wait_on_run synth_1
reset_run synth_1
launch_runs synth_1 -jobs 4
wait_on_run synth_1
launch_runs impl_1 -jobs 4
wait_on_run impl_1
launch_runs impl_1 -to_step write_bitstream -jobs 4
wait_on_run impl_1
open_hw
connect_hw_server
open_hw_target
set_property PROGRAM.FILE {C:/Users/Administrator/Desktop/HW_SW design labs/Final_Project/projectFinal/vivado/lab5_3preph/lab5_3preph.runs/impl_1/AHBLITE_SYS.bit} [get_hw_devices xc7a100t_0]
current_hw_device [get_hw_devices xc7a100t_0]
refresh_hw_device -update_hw_probes false [lindex [get_hw_devices xc7a100t_0] 0]
set_property PROBES.FILE {} [get_hw_devices xc7a100t_0]
set_property FULL_PROBES.FILE {} [get_hw_devices xc7a100t_0]
set_property PROGRAM.FILE {C:/Users/Administrator/Desktop/HW_SW design labs/Final_Project/projectFinal/vivado/lab5_3preph/lab5_3preph.runs/impl_1/AHBLITE_SYS.bit} [get_hw_devices xc7a100t_0]
program_hw_devices [get_hw_devices xc7a100t_0]
refresh_hw_device [lindex [get_hw_devices xc7a100t_0] 0]
import_files -force -norecurse {{C:/Users/Administrator/Desktop/HW_SW design labs/Final_Project/projectFinal/software/code.mem}}
reset_run synth_1
launch_runs synth_1 -jobs 4
wait_on_run synth_1
import_files -force -norecurse {{C:/Users/Administrator/Desktop/HW_SW design labs/Final_Project/projectFinal/software/code.mem}}
reset_run synth_1
launch_runs synth_1 -jobs 4
wait_on_run synth_1
launch_runs impl_1 -jobs 4
wait_on_run impl_1
import_files -force -norecurse {{C:/Users/Administrator/Desktop/HW_SW design labs/Final_Project/projectFinal/software/code.mem}}
reset_run synth_1
launch_runs synth_1 -jobs 4
wait_on_run synth_1
launch_runs impl_1 -jobs 4
wait_on_run impl_1
launch_runs impl_1 -to_step write_bitstream -jobs 4
wait_on_run impl_1
set_property PROBES.FILE {} [get_hw_devices xc7a100t_0]
set_property FULL_PROBES.FILE {} [get_hw_devices xc7a100t_0]
set_property PROGRAM.FILE {C:/Users/Administrator/Desktop/HW_SW design labs/Final_Project/projectFinal/vivado/lab5_3preph/lab5_3preph.runs/impl_1/AHBLITE_SYS.bit} [get_hw_devices xc7a100t_0]
program_hw_devices [get_hw_devices xc7a100t_0]
refresh_hw_device [lindex [get_hw_devices xc7a100t_0] 0]
import_files -force -norecurse {{C:/Users/Administrator/Desktop/HW_SW design labs/Final_Project/projectFinal/software/code.mem}}
reset_run synth_1
launch_runs synth_1 -jobs 4
wait_on_run synth_1
launch_runs impl_1 -jobs 4
wait_on_run impl_1
launch_runs impl_1 -to_step write_bitstream -jobs 4
wait_on_run impl_1
set_property PROBES.FILE {} [get_hw_devices xc7a100t_0]
set_property FULL_PROBES.FILE {} [get_hw_devices xc7a100t_0]
set_property PROGRAM.FILE {C:/Users/Administrator/Desktop/HW_SW design labs/Final_Project/projectFinal/vivado/lab5_3preph/lab5_3preph.runs/impl_1/AHBLITE_SYS.bit} [get_hw_devices xc7a100t_0]
program_hw_devices [get_hw_devices xc7a100t_0]
refresh_hw_device [lindex [get_hw_devices xc7a100t_0] 0]
import_files -force -norecurse {{C:/Users/Administrator/Desktop/HW_SW design labs/Final_Project/projectFinal/software/code.mem}}
reset_run synth_1
launch_runs synth_1 -jobs 4
wait_on_run synth_1
launch_runs impl_1 -jobs 4
wait_on_run impl_1
launch_runs impl_1 -to_step write_bitstream -jobs 4
wait_on_run impl_1
set_property PROBES.FILE {} [get_hw_devices xc7a100t_0]
set_property FULL_PROBES.FILE {} [get_hw_devices xc7a100t_0]
set_property PROGRAM.FILE {C:/Users/Administrator/Desktop/HW_SW design labs/Final_Project/projectFinal/vivado/lab5_3preph/lab5_3preph.runs/impl_1/AHBLITE_SYS.bit} [get_hw_devices xc7a100t_0]
program_hw_devices [get_hw_devices xc7a100t_0]
refresh_hw_device [lindex [get_hw_devices xc7a100t_0] 0]
reset_run synth_1
launch_runs synth_1 -jobs 4
wait_on_run synth_1
launch_runs impl_1 -jobs 4
wait_on_run impl_1
launch_runs impl_1 -to_step write_bitstream -jobs 4
wait_on_run impl_1
set_property PROBES.FILE {} [get_hw_devices xc7a100t_0]
set_property FULL_PROBES.FILE {} [get_hw_devices xc7a100t_0]
set_property PROGRAM.FILE {C:/Users/Administrator/Desktop/HW_SW design labs/Final_Project/projectFinal/vivado/lab5_3preph/lab5_3preph.runs/impl_1/AHBLITE_SYS.bit} [get_hw_devices xc7a100t_0]
program_hw_devices [get_hw_devices xc7a100t_0]
refresh_hw_device [lindex [get_hw_devices xc7a100t_0] 0]
import_files -force -norecurse {{C:/Users/Administrator/Desktop/HW_SW design labs/Final_Project/projectFinal/software/code.mem}}
reset_run synth_1
launch_runs synth_1 -jobs 4
wait_on_run synth_1
launch_runs impl_1 -jobs 4
wait_on_run impl_1
launch_runs impl_1 -to_step write_bitstream -jobs 4
wait_on_run impl_1
set_property PROBES.FILE {} [get_hw_devices xc7a100t_0]
set_property FULL_PROBES.FILE {} [get_hw_devices xc7a100t_0]
set_property PROGRAM.FILE {C:/Users/Administrator/Desktop/HW_SW design labs/Final_Project/projectFinal/vivado/lab5_3preph/lab5_3preph.runs/impl_1/AHBLITE_SYS.bit} [get_hw_devices xc7a100t_0]
program_hw_devices [get_hw_devices xc7a100t_0]
refresh_hw_device [lindex [get_hw_devices xc7a100t_0] 0]
import_files -force -norecurse {{C:/Users/Administrator/Desktop/HW_SW design labs/Final_Project/projectFinal/software/code.mem}}
reset_run synth_1
launch_runs synth_1 -jobs 4
wait_on_run synth_1
launch_runs impl_1 -jobs 4
wait_on_run impl_1
launch_runs impl_1 -to_step write_bitstream -jobs 4
wait_on_run impl_1
disconnect_hw_server localhost:3121
connect_hw_server
open_hw_target
set_property PROBES.FILE {} [get_hw_devices xc7a100t_0]
set_property FULL_PROBES.FILE {} [get_hw_devices xc7a100t_0]
set_property PROGRAM.FILE {C:/Users/Administrator/Desktop/HW_SW design labs/Final_Project/projectFinal/vivado/lab5_3preph/lab5_3preph.runs/impl_1/AHBLITE_SYS.bit} [get_hw_devices xc7a100t_0]
program_hw_devices [get_hw_devices xc7a100t_0]
refresh_hw_device [lindex [get_hw_devices xc7a100t_0] 0]
import_files -force -norecurse {{C:/Users/Administrator/Desktop/HW_SW design labs/Final_Project/projectFinal/software/code.mem}}
reset_run synth_1
launch_runs synth_1 -jobs 4
wait_on_run synth_1
launch_runs impl_1 -jobs 4
wait_on_run impl_1
launch_runs impl_1 -to_step write_bitstream -jobs 4
wait_on_run impl_1
disconnect_hw_server localhost:3121
connect_hw_server
open_hw_target
set_property PROBES.FILE {} [get_hw_devices xc7a100t_0]
set_property FULL_PROBES.FILE {} [get_hw_devices xc7a100t_0]
set_property PROGRAM.FILE {C:/Users/Administrator/Desktop/HW_SW design labs/Final_Project/projectFinal/vivado/lab5_3preph/lab5_3preph.runs/impl_1/AHBLITE_SYS.bit} [get_hw_devices xc7a100t_0]
program_hw_devices [get_hw_devices xc7a100t_0]
refresh_hw_device [lindex [get_hw_devices xc7a100t_0] 0]
import_files -force -norecurse {{C:/Users/Administrator/Desktop/HW_SW design labs/Final_Project/projectFinal/software/code.mem}}
reset_run synth_1
launch_runs synth_1 -jobs 4
wait_on_run synth_1
launch_runs impl_1 -jobs 4
wait_on_run impl_1
launch_runs impl_1 -to_step write_bitstream -jobs 4
wait_on_run impl_1
set_property PROBES.FILE {} [get_hw_devices xc7a100t_0]
set_property FULL_PROBES.FILE {} [get_hw_devices xc7a100t_0]
set_property PROGRAM.FILE {C:/Users/Administrator/Desktop/HW_SW design labs/Final_Project/projectFinal/vivado/lab5_3preph/lab5_3preph.runs/impl_1/AHBLITE_SYS.bit} [get_hw_devices xc7a100t_0]
program_hw_devices [get_hw_devices xc7a100t_0]
refresh_hw_device [lindex [get_hw_devices xc7a100t_0] 0]
import_files -force -norecurse {{C:/Users/Administrator/Desktop/HW_SW design labs/Final_Project/projectFinal/software/code.mem}}
reset_run synth_1
launch_runs synth_1 -jobs 4
wait_on_run synth_1
launch_runs impl_1 -jobs 4
wait_on_run impl_1
launch_runs impl_1 -to_step write_bitstream -jobs 4
wait_on_run impl_1
refresh_hw_device [lindex [get_hw_devices xc7a100t_0] 0]
set_property PROBES.FILE {} [get_hw_devices xc7a100t_0]
set_property FULL_PROBES.FILE {} [get_hw_devices xc7a100t_0]
set_property PROGRAM.FILE {C:/Users/Administrator/Desktop/HW_SW design labs/Final_Project/projectFinal/vivado/lab5_3preph/lab5_3preph.runs/impl_1/AHBLITE_SYS.bit} [get_hw_devices xc7a100t_0]
program_hw_devices [get_hw_devices xc7a100t_0]
refresh_hw_device [lindex [get_hw_devices xc7a100t_0] 0]
import_files -force -norecurse {{C:/Users/Administrator/Desktop/HW_SW design labs/Final_Project/projectFinal/software/code.mem}}
reset_run synth_1
launch_runs synth_1 -jobs 4
wait_on_run synth_1
launch_runs impl_1 -jobs 4
wait_on_run impl_1
launch_runs impl_1 -to_step write_bitstream -jobs 4
wait_on_run impl_1
refresh_hw_device [lindex [get_hw_devices xc7a100t_0] 0]
set_property PROBES.FILE {} [get_hw_devices xc7a100t_0]
set_property FULL_PROBES.FILE {} [get_hw_devices xc7a100t_0]
set_property PROGRAM.FILE {C:/Users/Administrator/Desktop/HW_SW design labs/Final_Project/projectFinal/vivado/lab5_3preph/lab5_3preph.runs/impl_1/AHBLITE_SYS.bit} [get_hw_devices xc7a100t_0]
program_hw_devices [get_hw_devices xc7a100t_0]
refresh_hw_device [lindex [get_hw_devices xc7a100t_0] 0]
import_files -force -norecurse {{C:/Users/Administrator/Desktop/HW_SW design labs/Final_Project/projectFinal/software/code.mem}}
reset_run synth_1
launch_runs synth_1 -jobs 4
wait_on_run synth_1
launch_runs impl_1 -jobs 4
wait_on_run impl_1
launch_runs impl_1 -to_step write_bitstream -jobs 4
wait_on_run impl_1
disconnect_hw_server localhost:3121
connect_hw_server
open_hw_target
set_property PROBES.FILE {} [get_hw_devices xc7a100t_0]
set_property FULL_PROBES.FILE {} [get_hw_devices xc7a100t_0]
set_property PROGRAM.FILE {C:/Users/Administrator/Desktop/HW_SW design labs/Final_Project/projectFinal/vivado/lab5_3preph/lab5_3preph.runs/impl_1/AHBLITE_SYS.bit} [get_hw_devices xc7a100t_0]
program_hw_devices [get_hw_devices xc7a100t_0]
refresh_hw_device [lindex [get_hw_devices xc7a100t_0] 0]
import_files -force -norecurse {{C:/Users/Administrator/Desktop/HW_SW design labs/Final_Project/projectFinal/software/code.mem}}
reset_run synth_1
launch_runs synth_1 -jobs 4
wait_on_run synth_1
import_files -force -norecurse {{C:/Users/Administrator/Desktop/HW_SW design labs/Final_Project/projectFinal/software/code.mem}}
reset_run synth_1
launch_runs synth_1 -jobs 4
wait_on_run synth_1
launch_runs impl_1 -jobs 4
wait_on_run impl_1
launch_runs impl_1 -to_step write_bitstream -jobs 4
wait_on_run impl_1
set_property PROBES.FILE {} [get_hw_devices xc7a100t_0]
set_property FULL_PROBES.FILE {} [get_hw_devices xc7a100t_0]
set_property PROGRAM.FILE {C:/Users/Administrator/Desktop/HW_SW design labs/Final_Project/projectFinal/vivado/lab5_3preph/lab5_3preph.runs/impl_1/AHBLITE_SYS.bit} [get_hw_devices xc7a100t_0]
program_hw_devices [get_hw_devices xc7a100t_0]
refresh_hw_device [lindex [get_hw_devices xc7a100t_0] 0]
refresh_hw_device [lindex [get_hw_devices xc7a100t_0] 0]
set_property PROBES.FILE {} [get_hw_devices xc7a100t_0]
set_property FULL_PROBES.FILE {} [get_hw_devices xc7a100t_0]
set_property PROGRAM.FILE {C:/Users/Administrator/Desktop/HW_SW design labs/Final_Project/projectFinal/vivado/lab5_3preph/lab5_3preph.runs/impl_1/AHBLITE_SYS.bit} [get_hw_devices xc7a100t_0]
program_hw_devices [get_hw_devices xc7a100t_0]
refresh_hw_device [lindex [get_hw_devices xc7a100t_0] 0]
import_files -force -norecurse {{C:/Users/Administrator/Desktop/HW_SW design labs/Final_Project/projectFinal/software/code.mem}}
reset_run synth_1
launch_runs synth_1 -jobs 4
wait_on_run synth_1
launch_runs impl_1 -jobs 4
wait_on_run impl_1
launch_runs impl_1 -to_step write_bitstream -jobs 4
wait_on_run impl_1
refresh_hw_device [lindex [get_hw_devices xc7a100t_0] 0]
set_property PROBES.FILE {} [get_hw_devices xc7a100t_0]
set_property FULL_PROBES.FILE {} [get_hw_devices xc7a100t_0]
set_property PROGRAM.FILE {C:/Users/Administrator/Desktop/HW_SW design labs/Final_Project/projectFinal/vivado/lab5_3preph/lab5_3preph.runs/impl_1/AHBLITE_SYS.bit} [get_hw_devices xc7a100t_0]
program_hw_devices [get_hw_devices xc7a100t_0]
refresh_hw_device [lindex [get_hw_devices xc7a100t_0] 0]
import_files -force -norecurse {{C:/Users/Administrator/Desktop/HW_SW design labs/Final_Project/projectFinal/software/code.mem}}
reset_run synth_1
launch_runs synth_1 -jobs 4
wait_on_run synth_1
launch_runs impl_1 -jobs 4
wait_on_run impl_1
launch_runs impl_1 -to_step write_bitstream -jobs 4
wait_on_run impl_1
refresh_hw_device [lindex [get_hw_devices xc7a100t_0] 0]
set_property PROBES.FILE {} [get_hw_devices xc7a100t_0]
set_property FULL_PROBES.FILE {} [get_hw_devices xc7a100t_0]
set_property PROGRAM.FILE {C:/Users/Administrator/Desktop/HW_SW design labs/Final_Project/projectFinal/vivado/lab5_3preph/lab5_3preph.runs/impl_1/AHBLITE_SYS.bit} [get_hw_devices xc7a100t_0]
program_hw_devices [get_hw_devices xc7a100t_0]
refresh_hw_device [lindex [get_hw_devices xc7a100t_0] 0]
import_files -force -norecurse {{C:/Users/Administrator/Desktop/HW_SW design labs/Final_Project/projectFinal/software/code.mem}}
import_files -force -norecurse {{C:/Users/Administrator/Desktop/HW_SW design labs/Final_Project/projectFinal/software/code.mem}}
reset_run synth_1
launch_runs synth_1 -jobs 4
wait_on_run synth_1
import_files -force -norecurse {{C:/Users/Administrator/Desktop/HW_SW design labs/Final_Project/projectFinal/software/code.mem}}
reset_run synth_1
launch_runs synth_1 -jobs 4
wait_on_run synth_1
reset_run synth_1
import_files -force -norecurse {{C:/Users/Administrator/Desktop/HW_SW design labs/Final_Project/projectFinal/software/code.mem}}
launch_runs synth_1 -jobs 4
wait_on_run synth_1
reset_run synth_1
launch_runs synth_1 -jobs 4
wait_on_run synth_1
launch_runs impl_1 -jobs 4
wait_on_run impl_1
launch_runs impl_1 -to_step write_bitstream -jobs 4
wait_on_run impl_1
set_property PROBES.FILE {} [get_hw_devices xc7a100t_0]
set_property FULL_PROBES.FILE {} [get_hw_devices xc7a100t_0]
set_property PROGRAM.FILE {C:/Users/Administrator/Desktop/HW_SW design labs/Final_Project/projectFinal/vivado/lab5_3preph/lab5_3preph.runs/impl_1/AHBLITE_SYS.bit} [get_hw_devices xc7a100t_0]
program_hw_devices [get_hw_devices xc7a100t_0]
refresh_hw_device [lindex [get_hw_devices xc7a100t_0] 0]
import_files -force -norecurse {{C:/Users/Administrator/Desktop/HW_SW design labs/Final_Project/projectFinal/software/code.mem}}
reset_run synth_1
launch_runs synth_1 -jobs 4
wait_on_run synth_1
launch_runs impl_1 -jobs 4
wait_on_run impl_1
launch_runs impl_1 -to_step write_bitstream -jobs 4
wait_on_run impl_1
open_run impl_1
disconnect_hw_server localhost:3121
connect_hw_server
open_hw_target
set_property PROGRAM.FILE {C:/Users/Administrator/Desktop/HW_SW design labs/Final_Project/projectFinal/vivado/lab5_3preph/lab5_3preph.runs/impl_1/AHBLITE_SYS.bit} [get_hw_devices xc7a100t_0]
current_hw_device [get_hw_devices xc7a100t_0]
refresh_hw_device -update_hw_probes false [lindex [get_hw_devices xc7a100t_0] 0]
set_property PROBES.FILE {} [get_hw_devices xc7a100t_0]
set_property FULL_PROBES.FILE {} [get_hw_devices xc7a100t_0]
set_property PROGRAM.FILE {C:/Users/Administrator/Desktop/HW_SW design labs/Final_Project/projectFinal/vivado/lab5_3preph/lab5_3preph.runs/impl_1/AHBLITE_SYS.bit} [get_hw_devices xc7a100t_0]
program_hw_devices [get_hw_devices xc7a100t_0]
refresh_hw_device [lindex [get_hw_devices xc7a100t_0] 0]
